Microsoft Windows [Version 10.0.26100.6899]
(c) Microsoft Corporation. All rights reserved.

C:\Users\vatsal.gaur\Desktop\SpreadsheetLLm>